**********************
Windows PowerShell transcript start
Start time: 20261001202949
Username: PIE\youky
RunAs User: PIE\youky
Configuration Name: 
Machine: PIE (Microsoft Windows NT 10.0.26200.0)
Host Application: C:\WINDOWS\System32\WindowsPowerShell\v1.0\powershell.exe -NoLogo -NoProfile -ExecutionPolicy Bypass -File .\setup.ps1 -NoLaunch
Process ID: 39196
PSVersion: 5.1.26100.9444
PSEdition: Desktop
PSCompatibleVersions: 1.0, 2.0, 3.0, 4.0, 5.0, 5.1.26100.9444
BuildVersion: 10.0.26100.9444
CLRVersion: 4.0.30319.42000
WSManStackVersion: 3.0
PSRemotingProtocolVersion: 2.3
SerializationVersion: 1.1.0.1
**********************
Setting up Hay Day Automation. Close the app before updating its environment.
Installing the tested libraries...



Preparing and checking the desktop interface and recognition libraries...


Setup complete. Use Launch Hay Day.cmd to open the app.
BlueStacks or MuMu Player with Hay Day and ADB enabled is required for game automation.
**********************
Windows PowerShell transcript end
End time: 20261001202956
**********************
